yarn workspace v1.22.22
yarn run v1.22.22
$ npx projen test
------------------------------|---------|----------|---------|---------|-----------------------------------------------
File                          | % Stmts | % Branch | % Funcs | % Lines | Uncovered Line #s                             
------------------------------|---------|----------|---------|---------|-----------------------------------------------
All files                     |      97 |    70.17 |   81.81 |      97 |                                               
 src                          |   99.71 |     91.3 |     100 |   99.71 |                                               
  bda-metadata-table.ts       |     100 |      100 |     100 |     100 |                                               
  data-automation-project.ts  |     100 |      100 |     100 |     100 |                                               
  index.ts                    |     100 |      100 |     100 |     100 |                                               
  processor.ts                |   99.67 |     90.9 |     100 |   99.67 | 234-235                                       
 src/configuration            |   87.86 |      100 |   58.82 |   87.86 |                                               
  configuration.ts            |   89.88 |      100 |      75 |   89.88 | 44-52                                         
  definition.ts               |   81.03 |      100 |      40 |   81.03 | 94-98,121-131,137-147,161-162,165-166,169-170 
  index.ts                    |     100 |      100 |     100 |     100 |                                               
  schema.ts                   |     100 |      100 |     100 |     100 |                                               
 src/internal                 |     100 |    31.81 |     100 |     100 |                                               
  bda-completion-function.ts  |     100 |    33.33 |     100 |     100 | 129-137                                       
  bda-invoke-function.ts      |     100 |    33.33 |     100 |     100 | 135-141                                       
  process-results-function.ts |     100 |    16.66 |     100 |     100 | 165-186                                       
  summarization-function.ts   |     100 |       40 |     100 |     100 | 168-184,188                                   
 test                         |   81.13 |      100 |   66.66 |   81.13 |                                               
  test-helpers.ts             |   81.13 |      100 |   66.66 |   81.13 | 44-53                                         
------------------------------|---------|----------|---------|---------|-----------------------------------------------
info Visit https://yarnpkg.com/en/docs/cli/run for documentation about this command.
info Visit https://yarnpkg.com/en/docs/cli/workspace for documentation about this command.
yarn workspace v1.22.22
yarn run v1.22.22
$ npx projen test
npm warn Unknown env config "version-git-tag". This will stop working in the next major version of npm. See `npm help npmrc` for supported config options.
npm warn Unknown env config "argv". This will stop working in the next major version of npm. See `npm help npmrc` for supported config options.
npm warn Unknown env config "version-commit-hooks". This will stop working in the next major version of npm. See `npm help npmrc` for supported config options.
npm warn Unknown env config "version-git-message". This will stop working in the next major version of npm. See `npm help npmrc` for supported config options.
npm warn Unknown env config "version-tag-prefix". This will stop working in the next major version of npm. See `npm help npmrc` for supported config options.
npm warn Unknown env config "version-git-tag". This will stop working in the next major version of npm. See `npm help npmrc` for supported config options.
npm warn Unknown env config "argv". This will stop working in the next major version of npm. See `npm help npmrc` for supported config options.
npm warn Unknown env config "version-commit-hooks". This will stop working in the next major version of npm. See `npm help npmrc` for supported config options.
npm warn Unknown env config "version-git-message". This will stop working in the next major version of npm. See `npm help npmrc` for supported config options.
npm warn Unknown env config "version-tag-prefix". This will stop working in the next major version of npm. See `npm help npmrc` for supported config options.
👾 test | jest --passWithNoTests --updateSnapshot
PASS test/bda-processor.test.ts (19.435 s)
  ● Console

    console.warn
      Configuration warnings: Schema missing "type" field, Schema has no "properties" field - schema will be empty, Schema missing "x-aws-idp-document-type" field - may not be recognized as a document type

      151 |     // Log warnings if any
      152 |     if (validationResult.warnings.length > 0) {
    > 153 |       console.warn(
          |               ^
      154 |         `Configuration warnings: ${validationResult.warnings.join(", ")}`,
      155 |       );
      156 |     }

      at new ConfigurationDefinition (../genai-idp/src/configuration-definition.ts:153:15)
      at Function._fromFile (src/configuration/definition.ts:115:17)
      at Function.lendingPackageSample (src/configuration/definition.ts:71:17)
      at Function.lendingPackageSample (src/configuration/configuration.ts:64:43)
      at Object.<anonymous> (test/bda-processor.test.ts:136:55)

FAIL test/nag/bda-processor.test.ts (26.932 s)
  ● Console

    console.warn
      Configuration warnings: Schema missing "type" field, Schema has no "properties" field - schema will be empty, Schema missing "x-aws-idp-document-type" field - may not be recognized as a document type

      151 |     // Log warnings if any
      152 |     if (validationResult.warnings.length > 0) {
    > 153 |       console.warn(
          |               ^
      154 |         `Configuration warnings: ${validationResult.warnings.join(", ")}`,
      155 |       );
      156 |     }

      at new ConfigurationDefinition (../genai-idp/src/configuration-definition.ts:153:15)
      at Function._fromFile (src/configuration/definition.ts:115:17)
      at Function.lendingPackageSample (src/configuration/definition.ts:71:17)
      at Function.lendingPackageSample (src/configuration/configuration.ts:64:43)
      at Object.<anonymous> (test/nag/bda-processor.test.ts:53:55)

    console.warn
      Configuration warnings: Schema missing "type" field, Schema has no "properties" field - schema will be empty, Schema missing "x-aws-idp-document-type" field - may not be recognized as a document type

      151 |     // Log warnings if any
      152 |     if (validationResult.warnings.length > 0) {
    > 153 |       console.warn(
          |               ^
      154 |         `Configuration warnings: ${validationResult.warnings.join(", ")}`,
      155 |       );
      156 |     }

      at new ConfigurationDefinition (../genai-idp/src/configuration-definition.ts:153:15)
      at Function._fromFile (src/configuration/definition.ts:115:17)
      at Function.lendingPackageSample (src/configuration/definition.ts:71:17)
      at Function.lendingPackageSample (src/configuration/configuration.ts:64:43)
      at Object.<anonymous> (test/nag/bda-processor.test.ts:156:55)

    console.warn
      Configuration warnings: Schema missing "type" field, Schema has no "properties" field - schema will be empty, Schema missing "x-aws-idp-document-type" field - may not be recognized as a document type

      151 |     // Log warnings if any
      152 |     if (validationResult.warnings.length > 0) {
    > 153 |       console.warn(
          |               ^
      154 |         `Configuration warnings: ${validationResult.warnings.join(", ")}`,
      155 |       );
      156 |     }

      at new ConfigurationDefinition (../genai-idp/src/configuration-definition.ts:153:15)
      at Function._fromFile (src/configuration/definition.ts:115:17)
      at Function.lendingPackageSample (src/configuration/definition.ts:71:17)
      at Function.lendingPackageSample (src/configuration/configuration.ts:64:43)
      at Object.<anonymous> (test/nag/bda-processor.test.ts:186:55)

    console.log
      CDK Nag detected 93 errors and 3 warnings for unsuppressed BDA processor

      at Object.<anonymous> (test/nag/bda-processor.test.ts:214:15)

    console.log
      Sample CDK Nag warnings: [
        'AwsSolutions-DDB3: The DynamoDB table does not have Point-in-time Recovery enabled.\n',
        'AwsSolutions-DDB3: The DynamoDB table does not have Point-in-time Recovery enabled.\n',
        'AwsSolutions-DDB3: The DynamoDB table does not have Point-in-time Recovery enabled.\n'
      ]

      at Object.<anonymous> (test/nag/bda-processor.test.ts:220:17)

    console.log
      Sample CDK Nag errors: [
        'AwsSolutions-S1: The S3 Bucket has server access logs disabled.\n',
        'AwsSolutions-S10: The S3 Bucket or bucket policy does not require requests to use SSL.\n',
        'AwsSolutions-S1: The S3 Bucket has server access logs disabled.\n'
      ]

      at Object.<anonymous> (test/nag/bda-processor.test.ts:226:17)

    console.warn
      Configuration warnings: Schema missing "type" field, Schema has no "properties" field - schema will be empty, Schema missing "x-aws-idp-document-type" field - may not be recognized as a document type

      151 |     // Log warnings if any
      152 |     if (validationResult.warnings.length > 0) {
    > 153 |       console.warn(
          |               ^
      154 |         `Configuration warnings: ${validationResult.warnings.join(", ")}`,
      155 |       );
      156 |     }

      at new ConfigurationDefinition (../genai-idp/src/configuration-definition.ts:153:15)
      at Function._fromFile (src/configuration/definition.ts:115:17)
      at Function.lendingPackageSample (src/configuration/definition.ts:71:17)
      at Function.lendingPackageSample (src/configuration/configuration.ts:64:43)
      at Object.<anonymous> (test/nag/bda-processor.test.ts:237:55)

  ● BdaProcessor CDK Nag Compliance › BdaProcessor with suppressions › validates resource count assertions

    Expected value   undefined
    Received:
      undefined

    Message:
      Expected 13 resources of type AWS::Lambda::Function but found 11

    Difference:

    Compared values have no visual difference.

      170 |       // Validate expected resource counts for BDA processor
      171 |       // Note: These counts may need adjustment based on actual resource creation
    > 172 |       template.resourceCountIs("AWS::Lambda::Function", 13); // Adjusted based on actual count
          |                ^
      173 |       template.resourceCountIs("AWS::IAM::Role", 14); // Adjusted based on actual count
      174 |       template.resourceCountIs("AWS::SQS::Queue", 5); // Adjusted based on actual count
      175 |       template.resourceCountIs("AWS::S3::Bucket", 3); // Input, output, working buckets

      at Template.resourceCountIs (../../../node_modules/aws-cdk-lib/assertions/lib/template.js:1:2818)
      at Object.<anonymous> (test/nag/bda-processor.test.ts:172:16)

PASS test/bda-processor/optional-features.test.ts (27.121 s)
  ● Console

    console.warn
      Configuration warnings: Schema missing "type" field, Schema has no "properties" field - schema will be empty, Schema missing "x-aws-idp-document-type" field - may not be recognized as a document type

      151 |     // Log warnings if any
      152 |     if (validationResult.warnings.length > 0) {
    > 153 |       console.warn(
          |               ^
      154 |         `Configuration warnings: ${validationResult.warnings.join(", ")}`,
      155 |       );
      156 |     }

      at new ConfigurationDefinition (../genai-idp/src/configuration-definition.ts:153:15)
      at Function._fromFile (src/configuration/definition.ts:115:17)
      at Function.lendingPackageSample (src/configuration/definition.ts:71:17)
      at Function.lendingPackageSample (src/configuration/configuration.ts:64:43)
      at Object.<anonymous> (test/bda-processor/optional-features.test.ts:47:55)

    console.warn
      Configuration warnings: Schema missing "type" field, Schema has no "properties" field - schema will be empty, Schema missing "x-aws-idp-document-type" field - may not be recognized as a document type

      151 |     // Log warnings if any
      152 |     if (validationResult.warnings.length > 0) {
    > 153 |       console.warn(
          |               ^
      154 |         `Configuration warnings: ${validationResult.warnings.join(", ")}`,
      155 |       );
      156 |     }

      at new ConfigurationDefinition (../genai-idp/src/configuration-definition.ts:153:15)
      at Function._fromFile (src/configuration/definition.ts:115:17)
      at Function.lendingPackageSample (src/configuration/definition.ts:71:17)
      at Function.lendingPackageSample (src/configuration/configuration.ts:64:43)
      at Object.<anonymous> (test/bda-processor/optional-features.test.ts:64:55)

    console.warn
      Configuration warnings: Schema missing "type" field, Schema has no "properties" field - schema will be empty, Schema missing "x-aws-idp-document-type" field - may not be recognized as a document type

      151 |     // Log warnings if any
      152 |     if (validationResult.warnings.length > 0) {
    > 153 |       console.warn(
          |               ^
      154 |         `Configuration warnings: ${validationResult.warnings.join(", ")}`,
      155 |       );
      156 |     }

      at new ConfigurationDefinition (../genai-idp/src/configuration-definition.ts:153:15)
      at Function._fromFile (src/configuration/definition.ts:115:17)
      at Function.lendingPackageSample (src/configuration/definition.ts:71:17)
      at Function.lendingPackageSample (src/configuration/configuration.ts:64:43)
      at Object.<anonymous> (test/bda-processor/optional-features.test.ts:79:55)

    console.warn
      Configuration warnings: Schema missing "type" field, Schema has no "properties" field - schema will be empty, Schema missing "x-aws-idp-document-type" field - may not be recognized as a document type

      151 |     // Log warnings if any
      152 |     if (validationResult.warnings.length > 0) {
    > 153 |       console.warn(
          |               ^
      154 |         `Configuration warnings: ${validationResult.warnings.join(", ")}`,
      155 |       );
      156 |     }

      at new ConfigurationDefinition (../genai-idp/src/configuration-definition.ts:153:15)
      at Function._fromFile (src/configuration/definition.ts:115:17)
      at Function.lendingPackageSample (src/configuration/definition.ts:71:17)
      at Function.lendingPackageSample (src/configuration/configuration.ts:64:43)
      at Object.<anonymous> (test/bda-processor/optional-features.test.ts:119:55)

    console.warn
      Configuration warnings: Schema missing "type" field, Schema has no "properties" field - schema will be empty, Schema missing "x-aws-idp-document-type" field - may not be recognized as a document type

      151 |     // Log warnings if any
      152 |     if (validationResult.warnings.length > 0) {
    > 153 |       console.warn(
          |               ^
      154 |         `Configuration warnings: ${validationResult.warnings.join(", ")}`,
      155 |       );
      156 |     }

      at new ConfigurationDefinition (../genai-idp/src/configuration-definition.ts:153:15)
      at Function._fromFile (src/configuration/definition.ts:115:17)
      at Function.lendingPackageSample (src/configuration/definition.ts:71:17)
      at Function.lendingPackageSample (src/configuration/configuration.ts:64:43)
      at Object.<anonymous> (test/bda-processor/optional-features.test.ts:134:55)

    console.warn
      Configuration warnings: Schema missing "type" field, Schema has no "properties" field - schema will be empty, Schema missing "x-aws-idp-document-type" field - may not be recognized as a document type

      151 |     // Log warnings if any
      152 |     if (validationResult.warnings.length > 0) {
    > 153 |       console.warn(
          |               ^
      154 |         `Configuration warnings: ${validationResult.warnings.join(", ")}`,
      155 |       );
      156 |     }

      at new ConfigurationDefinition (../genai-idp/src/configuration-definition.ts:153:15)
      at Function._fromFile (src/configuration/definition.ts:115:17)
      at Function.lendingPackageSample (src/configuration/definition.ts:71:17)
      at Function.lendingPackageSample (src/configuration/configuration.ts:64:43)
      at Object.<anonymous> (test/bda-processor/optional-features.test.ts:154:55)

    console.warn
      Configuration warnings: Schema missing "type" field, Schema has no "properties" field - schema will be empty, Schema missing "x-aws-idp-document-type" field - may not be recognized as a document type

      151 |     // Log warnings if any
      152 |     if (validationResult.warnings.length > 0) {
    > 153 |       console.warn(
          |               ^
      154 |         `Configuration warnings: ${validationResult.warnings.join(", ")}`,
      155 |       );
      156 |     }

      at new ConfigurationDefinition (../genai-idp/src/configuration-definition.ts:153:15)
      at Function._fromFile (src/configuration/definition.ts:115:17)
      at Function.lendingPackageSample (src/configuration/definition.ts:71:17)
      at Function.lendingPackageSample (src/configuration/configuration.ts:64:43)
      at Object.<anonymous> (test/bda-processor/optional-features.test.ts:195:55)

    console.warn
      Configuration warnings: Schema missing "type" field, Schema has no "properties" field - schema will be empty, Schema missing "x-aws-idp-document-type" field - may not be recognized as a document type

      151 |     // Log warnings if any
      152 |     if (validationResult.warnings.length > 0) {
    > 153 |       console.warn(
          |               ^
      154 |         `Configuration warnings: ${validationResult.warnings.join(", ")}`,
      155 |       );
      156 |     }

      at new ConfigurationDefinition (../genai-idp/src/configuration-definition.ts:153:15)
      at Function._fromFile (src/configuration/definition.ts:115:17)
      at Function.lendingPackageSample (src/configuration/definition.ts:71:17)
      at Function.lendingPackageSample (src/configuration/configuration.ts:64:43)
      at Object.<anonymous> (test/bda-processor/optional-features.test.ts:216:55)

    console.warn
      Configuration warnings: Schema missing "type" field, Schema has no "properties" field - schema will be empty, Schema missing "x-aws-idp-document-type" field - may not be recognized as a document type

      151 |     // Log warnings if any
      152 |     if (validationResult.warnings.length > 0) {
    > 153 |       console.warn(
          |               ^
      154 |         `Configuration warnings: ${validationResult.warnings.join(", ")}`,
      155 |       );
      156 |     }

      at new ConfigurationDefinition (../genai-idp/src/configuration-definition.ts:153:15)
      at Function._fromFile (src/configuration/definition.ts:115:17)
      at Function.lendingPackageSample (src/configuration/definition.ts:71:17)
      at Function.lendingPackageSample (src/configuration/configuration.ts:64:43)
      at Object.<anonymous> (test/bda-processor/optional-features.test.ts:248:55)

    console.warn
      Configuration warnings: Schema missing "type" field, Schema has no "properties" field - schema will be empty, Schema missing "x-aws-idp-document-type" field - may not be recognized as a document type

      151 |     // Log warnings if any
      152 |     if (validationResult.warnings.length > 0) {
    > 153 |       console.warn(
          |               ^
      154 |         `Configuration warnings: ${validationResult.warnings.join(", ")}`,
      155 |       );
      156 |     }

      at new ConfigurationDefinition (../genai-idp/src/configuration-definition.ts:153:15)
      at Function._fromFile (src/configuration/definition.ts:115:17)
      at Function.lendingPackageSample (src/configuration/definition.ts:71:17)
      at Function.lendingPackageSample (src/configuration/configuration.ts:64:43)
      at Object.<anonymous> (test/bda-processor/optional-features.test.ts:266:55)

PASS test/bda-processor/basic-functionality.test.ts (28.985 s)
  ● Console

    console.warn
      Configuration warnings: Schema missing "type" field, Schema has no "properties" field - schema will be empty, Schema missing "x-aws-idp-document-type" field - may not be recognized as a document type

      151 |     // Log warnings if any
      152 |     if (validationResult.warnings.length > 0) {
    > 153 |       console.warn(
          |               ^
      154 |         `Configuration warnings: ${validationResult.warnings.join(", ")}`,
      155 |       );
      156 |     }

      at new ConfigurationDefinition (../genai-idp/src/configuration-definition.ts:153:15)
      at Function._fromFile (src/configuration/definition.ts:115:17)
      at Function.lendingPackageSample (src/configuration/definition.ts:71:17)
      at Function.lendingPackageSample (src/configuration/configuration.ts:64:43)
      at Object.<anonymous> (test/bda-processor/basic-functionality.test.ts:47:55)

    console.warn
      Configuration warnings: Schema missing "type" field, Schema has no "properties" field - schema will be empty, Schema missing "x-aws-idp-document-type" field - may not be recognized as a document type

      151 |     // Log warnings if any
      152 |     if (validationResult.warnings.length > 0) {
    > 153 |       console.warn(
          |               ^
      154 |         `Configuration warnings: ${validationResult.warnings.join(", ")}`,
      155 |       );
      156 |     }

      at new ConfigurationDefinition (../genai-idp/src/configuration-definition.ts:153:15)
      at Function._fromFile (src/configuration/definition.ts:115:17)
      at Function.lendingPackageSample (src/configuration/definition.ts:71:17)
      at Function.lendingPackageSample (src/configuration/configuration.ts:64:43)
      at Object.<anonymous> (test/bda-processor/basic-functionality.test.ts:65:55)

    console.warn
      Configuration warnings: Schema missing "type" field, Schema has no "properties" field - schema will be empty, Schema missing "x-aws-idp-document-type" field - may not be recognized as a document type

      151 |     // Log warnings if any
      152 |     if (validationResult.warnings.length > 0) {
    > 153 |       console.warn(
          |               ^
      154 |         `Configuration warnings: ${validationResult.warnings.join(", ")}`,
      155 |       );
      156 |     }

      at new ConfigurationDefinition (../genai-idp/src/configuration-definition.ts:153:15)
      at Function._fromFile (src/configuration/definition.ts:115:17)
      at Function.lendingPackageSample (src/configuration/definition.ts:71:17)
      at Function.lendingPackageSample (src/configuration/configuration.ts:64:43)
      at Object.<anonymous> (test/bda-processor/basic-functionality.test.ts:82:55)

    console.warn
      Configuration warnings: Schema missing "type" field, Schema has no "properties" field - schema will be empty, Schema missing "x-aws-idp-document-type" field - may not be recognized as a document type

      151 |     // Log warnings if any
      152 |     if (validationResult.warnings.length > 0) {
    > 153 |       console.warn(
          |               ^
      154 |         `Configuration warnings: ${validationResult.warnings.join(", ")}`,
      155 |       );
      156 |     }

      at new ConfigurationDefinition (../genai-idp/src/configuration-definition.ts:153:15)
      at Function._fromFile (src/configuration/definition.ts:115:17)
      at Function.lendingPackageSample (src/configuration/definition.ts:71:17)
      at Function.lendingPackageSample (src/configuration/configuration.ts:64:43)
      at Object.<anonymous> (test/bda-processor/basic-functionality.test.ts:100:55)

    console.warn
      Configuration warnings: Schema missing "type" field, Schema has no "properties" field - schema will be empty, Schema missing "x-aws-idp-document-type" field - may not be recognized as a document type

      151 |     // Log warnings if any
      152 |     if (validationResult.warnings.length > 0) {
    > 153 |       console.warn(
          |               ^
      154 |         `Configuration warnings: ${validationResult.warnings.join(", ")}`,
      155 |       );
      156 |     }

      at new ConfigurationDefinition (../genai-idp/src/configuration-definition.ts:153:15)
      at Function._fromFile (src/configuration/definition.ts:115:17)
      at Function.lendingPackageSample (src/configuration/definition.ts:71:17)
      at Function.lendingPackageSample (src/configuration/configuration.ts:64:43)
      at Object.<anonymous> (test/bda-processor/basic-functionality.test.ts:131:55)

    console.warn
      Configuration warnings: Schema missing "type" field, Schema has no "properties" field - schema will be empty, Schema missing "x-aws-idp-document-type" field - may not be recognized as a document type

      151 |     // Log warnings if any
      152 |     if (validationResult.warnings.length > 0) {
    > 153 |       console.warn(
          |               ^
      154 |         `Configuration warnings: ${validationResult.warnings.join(", ")}`,
      155 |       );
      156 |     }

      at new ConfigurationDefinition (../genai-idp/src/configuration-definition.ts:153:15)
      at Function._fromFile (src/configuration/definition.ts:115:17)
      at Function.lendingPackageSample (src/configuration/definition.ts:71:17)
      at Function.lendingPackageSample (src/configuration/configuration.ts:64:43)
      at Object.<anonymous> (test/bda-processor/basic-functionality.test.ts:146:55)

    console.warn
      Configuration warnings: Schema missing "type" field, Schema has no "properties" field - schema will be empty, Schema missing "x-aws-idp-document-type" field - may not be recognized as a document type

      151 |     // Log warnings if any
      152 |     if (validationResult.warnings.length > 0) {
    > 153 |       console.warn(
          |               ^
      154 |         `Configuration warnings: ${validationResult.warnings.join(", ")}`,
      155 |       );
      156 |     }

      at new ConfigurationDefinition (../genai-idp/src/configuration-definition.ts:153:15)
      at Function._fromFile (src/configuration/definition.ts:115:17)
      at Function.lendingPackageSample (src/configuration/definition.ts:71:17)
      at Function.lendingPackageSample (src/configuration/configuration.ts:64:43)
      at Object.<anonymous> (test/bda-processor/basic-functionality.test.ts:161:55)

    console.warn
      Configuration warnings: Schema missing "type" field, Schema has no "properties" field - schema will be empty, Schema missing "x-aws-idp-document-type" field - may not be recognized as a document type

      151 |     // Log warnings if any
      152 |     if (validationResult.warnings.length > 0) {
    > 153 |       console.warn(
          |               ^
      154 |         `Configuration warnings: ${validationResult.warnings.join(", ")}`,
      155 |       );
      156 |     }

      at new ConfigurationDefinition (../genai-idp/src/configuration-definition.ts:153:15)
      at Function._fromFile (src/configuration/definition.ts:115:17)
      at Function.lendingPackageSample (src/configuration/definition.ts:71:17)
      at Function.lendingPackageSample (src/configuration/configuration.ts:64:43)
      at Object.<anonymous> (test/bda-processor/basic-functionality.test.ts:181:55)

    console.warn
      Configuration warnings: Schema missing "type" field, Schema has no "properties" field - schema will be empty, Schema missing "x-aws-idp-document-type" field - may not be recognized as a document type

      151 |     // Log warnings if any
      152 |     if (validationResult.warnings.length > 0) {
    > 153 |       console.warn(
          |               ^
      154 |         `Configuration warnings: ${validationResult.warnings.join(", ")}`,
      155 |       );
      156 |     }

      at new ConfigurationDefinition (../genai-idp/src/configuration-definition.ts:153:15)
      at Function._fromFile (src/configuration/definition.ts:115:17)
      at Function.lendingPackageSample (src/configuration/definition.ts:71:17)
      at Function.lendingPackageSample (src/configuration/configuration.ts:64:43)
      at Object.<anonymous> (test/bda-processor/basic-functionality.test.ts:210:55)

    console.warn
      Configuration warnings: Schema missing "type" field, Schema has no "properties" field - schema will be empty, Schema missing "x-aws-idp-document-type" field - may not be recognized as a document type

      151 |     // Log warnings if any
      152 |     if (validationResult.warnings.length > 0) {
    > 153 |       console.warn(
          |               ^
      154 |         `Configuration warnings: ${validationResult.warnings.join(", ")}`,
      155 |       );
      156 |     }

      at new ConfigurationDefinition (../genai-idp/src/configuration-definition.ts:153:15)
      at Function._fromFile (src/configuration/definition.ts:115:17)
      at Function.lendingPackageSample (src/configuration/definition.ts:71:17)
      at Function.lendingPackageSample (src/configuration/configuration.ts:64:43)
      at Object.<anonymous> (test/bda-processor/basic-functionality.test.ts:232:55)

    console.warn
      Configuration warnings: Schema missing "type" field, Schema has no "properties" field - schema will be empty, Schema missing "x-aws-idp-document-type" field - may not be recognized as a document type

      151 |     // Log warnings if any
      152 |     if (validationResult.warnings.length > 0) {
    > 153 |       console.warn(
          |               ^
      154 |         `Configuration warnings: ${validationResult.warnings.join(", ")}`,
      155 |       );
      156 |     }

      at new ConfigurationDefinition (../genai-idp/src/configuration-definition.ts:153:15)
      at Function._fromFile (src/configuration/definition.ts:115:17)
      at Function.lendingPackageSample (src/configuration/definition.ts:71:17)
      at Function.lendingPackageSample (src/configuration/configuration.ts:64:43)
      at Object.<anonymous> (test/bda-processor/basic-functionality.test.ts:256:55)

    console.warn
      Configuration warnings: Schema missing "type" field, Schema has no "properties" field - schema will be empty, Schema missing "x-aws-idp-document-type" field - may not be recognized as a document type

      151 |     // Log warnings if any
      152 |     if (validationResult.warnings.length > 0) {
    > 153 |       console.warn(
          |               ^
      154 |         `Configuration warnings: ${validationResult.warnings.join(", ")}`,
      155 |       );
      156 |     }

      at new ConfigurationDefinition (../genai-idp/src/configuration-definition.ts:153:15)
      at Function._fromFile (src/configuration/definition.ts:115:17)
      at Function.lendingPackageSample (src/configuration/definition.ts:71:17)
      at Function.lendingPackageSample (src/configuration/configuration.ts:64:43)
      at Object.<anonymous> (test/bda-processor/basic-functionality.test.ts:280:55)

    console.warn
      Configuration warnings: Schema missing "type" field, Schema has no "properties" field - schema will be empty, Schema missing "x-aws-idp-document-type" field - may not be recognized as a document type

      151 |     // Log warnings if any
      152 |     if (validationResult.warnings.length > 0) {
    > 153 |       console.warn(
          |               ^
      154 |         `Configuration warnings: ${validationResult.warnings.join(", ")}`,
      155 |       );
      156 |     }

      at new ConfigurationDefinition (../genai-idp/src/configuration-definition.ts:153:15)
      at Function._fromFile (src/configuration/definition.ts:115:17)
      at Function.lendingPackageSample (src/configuration/definition.ts:71:17)
      at Function.lendingPackageSample (src/configuration/configuration.ts:64:43)
      at Object.<anonymous> (test/bda-processor/basic-functionality.test.ts:298:55)

PASS test/bda-processor/configuration-and-logging.test.ts (30.236 s)
  ● Console

    console.warn
      Configuration warnings: Schema missing "type" field, Schema has no "properties" field - schema will be empty, Schema missing "x-aws-idp-document-type" field - may not be recognized as a document type

      151 |     // Log warnings if any
      152 |     if (validationResult.warnings.length > 0) {
    > 153 |       console.warn(
          |               ^
      154 |         `Configuration warnings: ${validationResult.warnings.join(", ")}`,
      155 |       );
      156 |     }

      at new ConfigurationDefinition (../genai-idp/src/configuration-definition.ts:153:15)
      at Function._fromFile (src/configuration/definition.ts:115:17)
      at Function.lendingPackageSample (src/configuration/definition.ts:71:17)
      at Function.lendingPackageSample (src/configuration/configuration.ts:64:43)
      at Object.<anonymous> (test/bda-processor/configuration-and-logging.test.ts:47:55)

    console.warn
      Configuration warnings: Schema missing "type" field, Schema has no "properties" field - schema will be empty, Schema missing "x-aws-idp-document-type" field - may not be recognized as a document type

      151 |     // Log warnings if any
      152 |     if (validationResult.warnings.length > 0) {
    > 153 |       console.warn(
          |               ^
      154 |         `Configuration warnings: ${validationResult.warnings.join(", ")}`,
      155 |       );
      156 |     }

      at new ConfigurationDefinition (../genai-idp/src/configuration-definition.ts:153:15)
      at Function._fromFile (src/configuration/definition.ts:115:17)
      at Function.lendingPackageSample (src/configuration/definition.ts:71:17)
      at Function.lendingPackageSample (src/configuration/configuration.ts:64:43)
      at Object.<anonymous> (test/bda-processor/configuration-and-logging.test.ts:63:55)

    console.warn
      Configuration warnings: Schema missing "type" field, Schema has no "properties" field - schema will be empty, Schema missing "x-aws-idp-document-type" field - may not be recognized as a document type

      151 |     // Log warnings if any
      152 |     if (validationResult.warnings.length > 0) {
    > 153 |       console.warn(
          |               ^
      154 |         `Configuration warnings: ${validationResult.warnings.join(", ")}`,
      155 |       );
      156 |     }

      at new ConfigurationDefinition (../genai-idp/src/configuration-definition.ts:153:15)
      at Function._fromFile (src/configuration/definition.ts:115:17)
      at Function.lendingPackageSample (src/configuration/definition.ts:71:17)
      at Function.lendingPackageSample (src/configuration/configuration.ts:64:43)
      at Object.<anonymous> (test/bda-processor/configuration-and-logging.test.ts:78:55)

    console.warn
      Configuration warnings: Schema missing "type" field, Schema has no "properties" field - schema will be empty, Schema missing "x-aws-idp-document-type" field - may not be recognized as a document type

      151 |     // Log warnings if any
      152 |     if (validationResult.warnings.length > 0) {
    > 153 |       console.warn(
          |               ^
      154 |         `Configuration warnings: ${validationResult.warnings.join(", ")}`,
      155 |       );
      156 |     }

      at new ConfigurationDefinition (../genai-idp/src/configuration-definition.ts:153:15)
      at Function._fromFile (src/configuration/definition.ts:115:17)
      at Function.lendingPackageSample (src/configuration/definition.ts:71:17)
      at Function.lendingPackageSample (src/configuration/configuration.ts:64:43)
      at Object.<anonymous> (test/bda-processor/configuration-and-logging.test.ts:97:55)

    console.warn
      Configuration warnings: Schema missing "type" field, Schema has no "properties" field - schema will be empty, Schema missing "x-aws-idp-document-type" field - may not be recognized as a document type

      151 |     // Log warnings if any
      152 |     if (validationResult.warnings.length > 0) {
    > 153 |       console.warn(
          |               ^
      154 |         `Configuration warnings: ${validationResult.warnings.join(", ")}`,
      155 |       );
      156 |     }

      at new ConfigurationDefinition (../genai-idp/src/configuration-definition.ts:153:15)
      at Function._fromFile (src/configuration/definition.ts:115:17)
      at Function.lendingPackageSample (src/configuration/definition.ts:71:17)
      at Function.lendingPackageSample (src/configuration/configuration.ts:64:43)
      at Object.<anonymous> (test/bda-processor/configuration-and-logging.test.ts:127:55)

    console.warn
      Configuration warnings: Schema missing "type" field, Schema has no "properties" field - schema will be empty, Schema missing "x-aws-idp-document-type" field - may not be recognized as a document type

      151 |     // Log warnings if any
      152 |     if (validationResult.warnings.length > 0) {
    > 153 |       console.warn(
          |               ^
      154 |         `Configuration warnings: ${validationResult.warnings.join(", ")}`,
      155 |       );
      156 |     }

      at new ConfigurationDefinition (../genai-idp/src/configuration-definition.ts:153:15)
      at Function._fromFile (src/configuration/definition.ts:115:17)
      at Function.lendingPackageSample (src/configuration/definition.ts:71:17)
      at Function.lendingPackageSample (src/configuration/configuration.ts:64:43)
      at Object.<anonymous> (test/bda-processor/configuration-and-logging.test.ts:157:55)

    console.warn
      Configuration warnings: Schema missing "type" field, Schema has no "properties" field - schema will be empty, Schema missing "x-aws-idp-document-type" field - may not be recognized as a document type

      151 |     // Log warnings if any
      152 |     if (validationResult.warnings.length > 0) {
    > 153 |       console.warn(
          |               ^
      154 |         `Configuration warnings: ${validationResult.warnings.join(", ")}`,
      155 |       );
      156 |     }

      at new ConfigurationDefinition (../genai-idp/src/configuration-definition.ts:153:15)
      at Function._fromFile (src/configuration/definition.ts:115:17)
      at Function.lendingPackageSample (src/configuration/definition.ts:71:17)
      at Function.lendingPackageSample (src/configuration/configuration.ts:64:43)
      at Object.<anonymous> (test/bda-processor/configuration-and-logging.test.ts:173:55)

    console.warn
      Configuration warnings: Schema missing "type" field, Schema has no "properties" field - schema will be empty, Schema missing "x-aws-idp-document-type" field - may not be recognized as a document type

      151 |     // Log warnings if any
      152 |     if (validationResult.warnings.length > 0) {
    > 153 |       console.warn(
          |               ^
      154 |         `Configuration warnings: ${validationResult.warnings.join(", ")}`,
      155 |       );
      156 |     }

      at new ConfigurationDefinition (../genai-idp/src/configuration-definition.ts:153:15)
      at Function._fromFile (src/configuration/definition.ts:115:17)
      at Function.lendingPackageSample (src/configuration/definition.ts:71:17)
      at Function.lendingPackageSample (src/configuration/configuration.ts:64:43)
      at Object.<anonymous> (test/bda-processor/configuration-and-logging.test.ts:201:55)

    console.warn
      Configuration warnings: Schema missing "type" field, Schema has no "properties" field - schema will be empty, Schema missing "x-aws-idp-document-type" field - may not be recognized as a document type

      151 |     // Log warnings if any
      152 |     if (validationResult.warnings.length > 0) {
    > 153 |       console.warn(
          |               ^
      154 |         `Configuration warnings: ${validationResult.warnings.join(", ")}`,
      155 |       );
      156 |     }

      at new ConfigurationDefinition (../genai-idp/src/configuration-definition.ts:153:15)
      at Function._fromFile (src/configuration/definition.ts:115:17)
      at Function.lendingPackageSample (src/configuration/definition.ts:71:17)
      at Function.lendingPackageSample (src/configuration/configuration.ts:64:43)
      at Object.<anonymous> (test/bda-processor/configuration-and-logging.test.ts:233:55)

    console.warn
      Configuration warnings: Schema missing "type" field, Schema has no "properties" field - schema will be empty, Schema missing "x-aws-idp-document-type" field - may not be recognized as a document type

      151 |     // Log warnings if any
      152 |     if (validationResult.warnings.length > 0) {
    > 153 |       console.warn(
          |               ^
      154 |         `Configuration warnings: ${validationResult.warnings.join(", ")}`,
      155 |       );
      156 |     }

      at new ConfigurationDefinition (../genai-idp/src/configuration-definition.ts:153:15)
      at Function._fromFile (src/configuration/definition.ts:115:17)
      at Function.lendingPackageSample (src/configuration/definition.ts:71:17)
      at Function.lendingPackageSample (src/configuration/configuration.ts:64:43)
      at Object.<anonymous> (test/bda-processor/configuration-and-logging.test.ts:266:55)

    console.warn
      Configuration warnings: Schema missing "type" field, Schema has no "properties" field - schema will be empty, Schema missing "x-aws-idp-document-type" field - may not be recognized as a document type

      151 |     // Log warnings if any
      152 |     if (validationResult.warnings.length > 0) {
    > 153 |       console.warn(
          |               ^
      154 |         `Configuration warnings: ${validationResult.warnings.join(", ")}`,
      155 |       );
      156 |     }

      at new ConfigurationDefinition (../genai-idp/src/configuration-definition.ts:153:15)
      at Function._fromFile (src/configuration/definition.ts:115:17)
      at Function.lendingPackageSample (src/configuration/definition.ts:71:17)
      at Function.lendingPackageSample (src/configuration/configuration.ts:64:43)
      at Object.<anonymous> (test/bda-processor/configuration-and-logging.test.ts:281:55)

    console.warn
      Configuration warnings: Schema missing "type" field, Schema has no "properties" field - schema will be empty, Schema missing "x-aws-idp-document-type" field - may not be recognized as a document type

      151 |     // Log warnings if any
      152 |     if (validationResult.warnings.length > 0) {
    > 153 |       console.warn(
          |               ^
      154 |         `Configuration warnings: ${validationResult.warnings.join(", ")}`,
      155 |       );
      156 |     }

      at new ConfigurationDefinition (../genai-idp/src/configuration-definition.ts:153:15)
      at Function._fromFile (src/configuration/definition.ts:115:17)
      at Function.lendingPackageSample (src/configuration/definition.ts:71:17)
      at Function.lendingPackageSample (src/configuration/configuration.ts:64:43)
      at Object.<anonymous> (test/bda-processor/configuration-and-logging.test.ts:296:55)

    console.warn
      Configuration warnings: Schema missing "type" field, Schema has no "properties" field - schema will be empty, Schema missing "x-aws-idp-document-type" field - may not be recognized as a document type

      151 |     // Log warnings if any
      152 |     if (validationResult.warnings.length > 0) {
    > 153 |       console.warn(
          |               ^
      154 |         `Configuration warnings: ${validationResult.warnings.join(", ")}`,
      155 |       );
      156 |     }

      at new ConfigurationDefinition (../genai-idp/src/configuration-definition.ts:153:15)
      at Function._fromFile (src/configuration/definition.ts:115:17)
      at Function.lendingPackageSample (src/configuration/definition.ts:71:17)
      at Function.lendingPackageSample (src/configuration/configuration.ts:64:43)
      at Object.<anonymous> (test/bda-processor/configuration-and-logging.test.ts:314:55)

    console.warn
      Configuration warnings: Schema missing "type" field, Schema has no "properties" field - schema will be empty, Schema missing "x-aws-idp-document-type" field - may not be recognized as a document type

      151 |     // Log warnings if any
      152 |     if (validationResult.warnings.length > 0) {
    > 153 |       console.warn(
          |               ^
      154 |         `Configuration warnings: ${validationResult.warnings.join(", ")}`,
      155 |       );
      156 |     }

      at new ConfigurationDefinition (../genai-idp/src/configuration-definition.ts:153:15)
      at Function._fromFile (src/configuration/definition.ts:115:17)
      at Function.lendingPackageSample (src/configuration/definition.ts:71:17)
      at Function.lendingPackageSample (src/configuration/configuration.ts:64:43)
      at Object.<anonymous> (test/bda-processor/configuration-and-logging.test.ts:335:55)

    console.warn
      Configuration warnings: Schema missing "type" field, Schema has no "properties" field - schema will be empty, Schema missing "x-aws-idp-document-type" field - may not be recognized as a document type

      151 |     // Log warnings if any
      152 |     if (validationResult.warnings.length > 0) {
    > 153 |       console.warn(
          |               ^
      154 |         `Configuration warnings: ${validationResult.warnings.join(", ")}`,
      155 |       );
      156 |     }

      at new ConfigurationDefinition (../genai-idp/src/configuration-definition.ts:153:15)
      at Function._fromFile (src/configuration/definition.ts:115:17)
      at Function.lendingPackageSample (src/configuration/definition.ts:71:17)
      at Function.lendingPackageSample (src/configuration/configuration.ts:64:43)
      at Object.<anonymous> (test/bda-processor/configuration-and-logging.test.ts:350:55)

    console.warn
      Configuration warnings: Schema missing "type" field, Schema has no "properties" field - schema will be empty, Schema missing "x-aws-idp-document-type" field - may not be recognized as a document type

      151 |     // Log warnings if any
      152 |     if (validationResult.warnings.length > 0) {
    > 153 |       console.warn(
          |               ^
      154 |         `Configuration warnings: ${validationResult.warnings.join(", ")}`,
      155 |       );
      156 |     }

      at new ConfigurationDefinition (../genai-idp/src/configuration-definition.ts:153:15)
      at Function._fromFile (src/configuration/definition.ts:115:17)
      at Function.lendingPackageSample (src/configuration/definition.ts:71:17)
      at Function.lendingPackageSample (src/configuration/configuration.ts:64:43)
      at Object.<anonymous> (test/bda-processor/configuration-and-logging.test.ts:366:55)

PASS test/bda-processor/infrastructure-components.test.ts (32.205 s)
  ● Console

    console.warn
      Configuration warnings: Schema missing "type" field, Schema has no "properties" field - schema will be empty, Schema missing "x-aws-idp-document-type" field - may not be recognized as a document type

      151 |     // Log warnings if any
      152 |     if (validationResult.warnings.length > 0) {
    > 153 |       console.warn(
          |               ^
      154 |         `Configuration warnings: ${validationResult.warnings.join(", ")}`,
      155 |       );
      156 |     }

      at new ConfigurationDefinition (../genai-idp/src/configuration-definition.ts:153:15)
      at Function._fromFile (src/configuration/definition.ts:115:17)
      at Function.lendingPackageSample (src/configuration/definition.ts:71:17)
      at Function.lendingPackageSample (src/configuration/configuration.ts:64:43)
      at Object.<anonymous> (test/bda-processor/infrastructure-components.test.ts:47:55)

    console.warn
      Configuration warnings: Schema missing "type" field, Schema has no "properties" field - schema will be empty, Schema missing "x-aws-idp-document-type" field - may not be recognized as a document type

      151 |     // Log warnings if any
      152 |     if (validationResult.warnings.length > 0) {
    > 153 |       console.warn(
          |               ^
      154 |         `Configuration warnings: ${validationResult.warnings.join(", ")}`,
      155 |       );
      156 |     }

      at new ConfigurationDefinition (../genai-idp/src/configuration-definition.ts:153:15)
      at Function._fromFile (src/configuration/definition.ts:115:17)
      at Function.lendingPackageSample (src/configuration/definition.ts:71:17)
      at Function.lendingPackageSample (src/configuration/configuration.ts:64:43)
      at Object.<anonymous> (test/bda-processor/infrastructure-components.test.ts:69:55)

    console.warn
      Configuration warnings: Schema missing "type" field, Schema has no "properties" field - schema will be empty, Schema missing "x-aws-idp-document-type" field - may not be recognized as a document type

      151 |     // Log warnings if any
      152 |     if (validationResult.warnings.length > 0) {
    > 153 |       console.warn(
          |               ^
      154 |         `Configuration warnings: ${validationResult.warnings.join(", ")}`,
      155 |       );
      156 |     }

      at new ConfigurationDefinition (../genai-idp/src/configuration-definition.ts:153:15)
      at Function._fromFile (src/configuration/definition.ts:115:17)
      at Function.lendingPackageSample (src/configuration/definition.ts:71:17)
      at Function.lendingPackageSample (src/configuration/configuration.ts:64:43)
      at Object.<anonymous> (test/bda-processor/infrastructure-components.test.ts:95:55)

    console.warn
      Configuration warnings: Schema missing "type" field, Schema has no "properties" field - schema will be empty, Schema missing "x-aws-idp-document-type" field - may not be recognized as a document type

      151 |     // Log warnings if any
      152 |     if (validationResult.warnings.length > 0) {
    > 153 |       console.warn(
          |               ^
      154 |         `Configuration warnings: ${validationResult.warnings.join(", ")}`,
      155 |       );
      156 |     }

      at new ConfigurationDefinition (../genai-idp/src/configuration-definition.ts:153:15)
      at Function._fromFile (src/configuration/definition.ts:115:17)
      at Function.lendingPackageSample (src/configuration/definition.ts:71:17)
      at Function.lendingPackageSample (src/configuration/configuration.ts:64:43)
      at Object.<anonymous> (test/bda-processor/infrastructure-components.test.ts:117:55)

    console.warn
      Configuration warnings: Schema missing "type" field, Schema has no "properties" field - schema will be empty, Schema missing "x-aws-idp-document-type" field - may not be recognized as a document type

      151 |     // Log warnings if any
      152 |     if (validationResult.warnings.length > 0) {
    > 153 |       console.warn(
          |               ^
      154 |         `Configuration warnings: ${validationResult.warnings.join(", ")}`,
      155 |       );
      156 |     }

      at new ConfigurationDefinition (../genai-idp/src/configuration-definition.ts:153:15)
      at Function._fromFile (src/configuration/definition.ts:115:17)
      at Function.lendingPackageSample (src/configuration/definition.ts:71:17)
      at Function.lendingPackageSample (src/configuration/configuration.ts:64:43)
      at Object.<anonymous> (test/bda-processor/infrastructure-components.test.ts:141:55)

    console.warn
      Configuration warnings: Schema missing "type" field, Schema has no "properties" field - schema will be empty, Schema missing "x-aws-idp-document-type" field - may not be recognized as a document type

      151 |     // Log warnings if any
      152 |     if (validationResult.warnings.length > 0) {
    > 153 |       console.warn(
          |               ^
      154 |         `Configuration warnings: ${validationResult.warnings.join(", ")}`,
      155 |       );
      156 |     }

      at new ConfigurationDefinition (../genai-idp/src/configuration-definition.ts:153:15)
      at Function._fromFile (src/configuration/definition.ts:115:17)
      at Function.lendingPackageSample (src/configuration/definition.ts:71:17)
      at Function.lendingPackageSample (src/configuration/configuration.ts:64:43)
      at Object.<anonymous> (test/bda-processor/infrastructure-components.test.ts:174:55)

    console.warn
      Configuration warnings: Schema missing "type" field, Schema has no "properties" field - schema will be empty, Schema missing "x-aws-idp-document-type" field - may not be recognized as a document type

      151 |     // Log warnings if any
      152 |     if (validationResult.warnings.length > 0) {
    > 153 |       console.warn(
          |               ^
      154 |         `Configuration warnings: ${validationResult.warnings.join(", ")}`,
      155 |       );
      156 |     }

      at new ConfigurationDefinition (../genai-idp/src/configuration-definition.ts:153:15)
      at Function._fromFile (src/configuration/definition.ts:115:17)
      at Function.lendingPackageSample (src/configuration/definition.ts:71:17)
      at Function.lendingPackageSample (src/configuration/configuration.ts:64:43)
      at Object.<anonymous> (test/bda-processor/infrastructure-components.test.ts:199:55)

    console.warn
      Configuration warnings: Schema missing "type" field, Schema has no "properties" field - schema will be empty, Schema missing "x-aws-idp-document-type" field - may not be recognized as a document type

      151 |     // Log warnings if any
      152 |     if (validationResult.warnings.length > 0) {
    > 153 |       console.warn(
          |               ^
      154 |         `Configuration warnings: ${validationResult.warnings.join(", ")}`,
      155 |       );
      156 |     }

      at new ConfigurationDefinition (../genai-idp/src/configuration-definition.ts:153:15)
      at Function._fromFile (src/configuration/definition.ts:115:17)
      at Function.lendingPackageSample (src/configuration/definition.ts:71:17)
      at Function.lendingPackageSample (src/configuration/configuration.ts:64:43)
      at Object.<anonymous> (test/bda-processor/infrastructure-components.test.ts:232:55)

    console.warn
      Configuration warnings: Schema missing "type" field, Schema has no "properties" field - schema will be empty, Schema missing "x-aws-idp-document-type" field - may not be recognized as a document type

      151 |     // Log warnings if any
      152 |     if (validationResult.warnings.length > 0) {
    > 153 |       console.warn(
          |               ^
      154 |         `Configuration warnings: ${validationResult.warnings.join(", ")}`,
      155 |       );
      156 |     }

      at new ConfigurationDefinition (../genai-idp/src/configuration-definition.ts:153:15)
      at Function._fromFile (src/configuration/definition.ts:115:17)
      at Function.lendingPackageSample (src/configuration/definition.ts:71:17)
      at Function.lendingPackageSample (src/configuration/configuration.ts:64:43)
      at Object.<anonymous> (test/bda-processor/infrastructure-components.test.ts:263:55)

    console.warn
      Configuration warnings: Schema missing "type" field, Schema has no "properties" field - schema will be empty, Schema missing "x-aws-idp-document-type" field - may not be recognized as a document type

      151 |     // Log warnings if any
      152 |     if (validationResult.warnings.length > 0) {
    > 153 |       console.warn(
          |               ^
      154 |         `Configuration warnings: ${validationResult.warnings.join(", ")}`,
      155 |       );
      156 |     }

      at new ConfigurationDefinition (../genai-idp/src/configuration-definition.ts:153:15)
      at Function._fromFile (src/configuration/definition.ts:115:17)
      at Function.lendingPackageSample (src/configuration/definition.ts:71:17)
      at Function.lendingPackageSample (src/configuration/configuration.ts:64:43)
      at Object.<anonymous> (test/bda-processor/infrastructure-components.test.ts:285:55)

    console.warn
      Configuration warnings: Schema missing "type" field, Schema has no "properties" field - schema will be empty, Schema missing "x-aws-idp-document-type" field - may not be recognized as a document type

      151 |     // Log warnings if any
      152 |     if (validationResult.warnings.length > 0) {
    > 153 |       console.warn(
          |               ^
      154 |         `Configuration warnings: ${validationResult.warnings.join(", ")}`,
      155 |       );
      156 |     }

      at new ConfigurationDefinition (../genai-idp/src/configuration-definition.ts:153:15)
      at Function._fromFile (src/configuration/definition.ts:115:17)
      at Function.lendingPackageSample (src/configuration/definition.ts:71:17)
      at Function.lendingPackageSample (src/configuration/configuration.ts:64:43)
      at Object.<anonymous> (test/bda-processor/infrastructure-components.test.ts:316:55)

    console.warn
      Configuration warnings: Schema missing "type" field, Schema has no "properties" field - schema will be empty, Schema missing "x-aws-idp-document-type" field - may not be recognized as a document type

      151 |     // Log warnings if any
      152 |     if (validationResult.warnings.length > 0) {
    > 153 |       console.warn(
          |               ^
      154 |         `Configuration warnings: ${validationResult.warnings.join(", ")}`,
      155 |       );
      156 |     }

      at new ConfigurationDefinition (../genai-idp/src/configuration-definition.ts:153:15)
      at Function._fromFile (src/configuration/definition.ts:115:17)
      at Function.lendingPackageSample (src/configuration/definition.ts:71:17)
      at Function.lendingPackageSample (src/configuration/configuration.ts:64:43)
      at Object.<anonymous> (test/bda-processor/infrastructure-components.test.ts:360:55)

    console.warn
      Configuration warnings: Schema missing "type" field, Schema has no "properties" field - schema will be empty, Schema missing "x-aws-idp-document-type" field - may not be recognized as a document type

      151 |     // Log warnings if any
      152 |     if (validationResult.warnings.length > 0) {
    > 153 |       console.warn(
          |               ^
      154 |         `Configuration warnings: ${validationResult.warnings.join(", ")}`,
      155 |       );
      156 |     }

      at new ConfigurationDefinition (../genai-idp/src/configuration-definition.ts:153:15)
      at Function._fromFile (src/configuration/definition.ts:115:17)
      at Function.lendingPackageSample (src/configuration/definition.ts:71:17)
      at Function.lendingPackageSample (src/configuration/configuration.ts:64:43)
      at Object.<anonymous> (test/bda-processor/infrastructure-components.test.ts:388:55)

    console.warn
      Configuration warnings: Schema missing "type" field, Schema has no "properties" field - schema will be empty, Schema missing "x-aws-idp-document-type" field - may not be recognized as a document type

      151 |     // Log warnings if any
      152 |     if (validationResult.warnings.length > 0) {
    > 153 |       console.warn(
          |               ^
      154 |         `Configuration warnings: ${validationResult.warnings.join(", ")}`,
      155 |       );
      156 |     }

      at new ConfigurationDefinition (../genai-idp/src/configuration-definition.ts:153:15)
      at Function._fromFile (src/configuration/definition.ts:115:17)
      at Function.lendingPackageSample (src/configuration/definition.ts:71:17)
      at Function.lendingPackageSample (src/configuration/configuration.ts:64:43)
      at Object.<anonymous> (test/bda-processor/infrastructure-components.test.ts:419:55)

    console.warn
      Configuration warnings: Schema missing "type" field, Schema has no "properties" field - schema will be empty, Schema missing "x-aws-idp-document-type" field - may not be recognized as a document type

      151 |     // Log warnings if any
      152 |     if (validationResult.warnings.length > 0) {
    > 153 |       console.warn(
          |               ^
      154 |         `Configuration warnings: ${validationResult.warnings.join(", ")}`,
      155 |       );
      156 |     }

      at new ConfigurationDefinition (../genai-idp/src/configuration-definition.ts:153:15)
      at Function._fromFile (src/configuration/definition.ts:115:17)
      at Function.lendingPackageSample (src/configuration/definition.ts:71:17)
      at Function.lendingPackageSample (src/configuration/configuration.ts:64:43)
      at Object.<anonymous> (test/bda-processor/infrastructure-components.test.ts:448:55)

    console.warn
      Configuration warnings: Schema missing "type" field, Schema has no "properties" field - schema will be empty, Schema missing "x-aws-idp-document-type" field - may not be recognized as a document type

      151 |     // Log warnings if any
      152 |     if (validationResult.warnings.length > 0) {
    > 153 |       console.warn(
          |               ^
      154 |         `Configuration warnings: ${validationResult.warnings.join(", ")}`,
      155 |       );
      156 |     }

      at new ConfigurationDefinition (../genai-idp/src/configuration-definition.ts:153:15)
      at Function._fromFile (src/configuration/definition.ts:115:17)
      at Function.lendingPackageSample (src/configuration/definition.ts:71:17)
      at Function.lendingPackageSample (src/configuration/configuration.ts:64:43)
      at Object.<anonymous> (test/bda-processor/infrastructure-components.test.ts:494:55)

    console.warn
      Configuration warnings: Schema missing "type" field, Schema has no "properties" field - schema will be empty, Schema missing "x-aws-idp-document-type" field - may not be recognized as a document type

      151 |     // Log warnings if any
      152 |     if (validationResult.warnings.length > 0) {
    > 153 |       console.warn(
          |               ^
      154 |         `Configuration warnings: ${validationResult.warnings.join(", ")}`,
      155 |       );
      156 |     }

      at new ConfigurationDefinition (../genai-idp/src/configuration-definition.ts:153:15)
      at Function._fromFile (src/configuration/definition.ts:115:17)
      at Function.lendingPackageSample (src/configuration/definition.ts:71:17)
      at Function.lendingPackageSample (src/configuration/configuration.ts:64:43)
      at Object.<anonymous> (test/bda-processor/infrastructure-components.test.ts:523:55)

    console.warn
      Configuration warnings: Schema missing "type" field, Schema has no "properties" field - schema will be empty, Schema missing "x-aws-idp-document-type" field - may not be recognized as a document type

      151 |     // Log warnings if any
      152 |     if (validationResult.warnings.length > 0) {
    > 153 |       console.warn(
          |               ^
      154 |         `Configuration warnings: ${validationResult.warnings.join(", ")}`,
      155 |       );
      156 |     }

      at new ConfigurationDefinition (../genai-idp/src/configuration-definition.ts:153:15)
      at Function._fromFile (src/configuration/definition.ts:115:17)
      at Function.lendingPackageSample (src/configuration/definition.ts:71:17)
      at Function.lendingPackageSample (src/configuration/configuration.ts:64:43)
      at Object.<anonymous> (test/bda-processor/infrastructure-components.test.ts:545:55)

PASS test/bda-processor/metrics-and-monitoring.test.ts (34.046 s)
  ● Console

    console.warn
      Configuration warnings: Schema missing "type" field, Schema has no "properties" field - schema will be empty, Schema missing "x-aws-idp-document-type" field - may not be recognized as a document type

      151 |     // Log warnings if any
      152 |     if (validationResult.warnings.length > 0) {
    > 153 |       console.warn(
          |               ^
      154 |         `Configuration warnings: ${validationResult.warnings.join(", ")}`,
      155 |       );
      156 |     }

      at new ConfigurationDefinition (../genai-idp/src/configuration-definition.ts:153:15)
      at Function._fromFile (src/configuration/definition.ts:115:17)
      at Function.lendingPackageSample (src/configuration/definition.ts:71:17)
      at Function.lendingPackageSample (src/configuration/configuration.ts:64:43)
      at Object.<anonymous> (test/bda-processor/metrics-and-monitoring.test.ts:45:53)

    console.warn
      Configuration warnings: Schema missing "type" field, Schema has no "properties" field - schema will be empty, Schema missing "x-aws-idp-document-type" field - may not be recognized as a document type

      151 |     // Log warnings if any
      152 |     if (validationResult.warnings.length > 0) {
    > 153 |       console.warn(
          |               ^
      154 |         `Configuration warnings: ${validationResult.warnings.join(", ")}`,
      155 |       );
      156 |     }

      at new ConfigurationDefinition (../genai-idp/src/configuration-definition.ts:153:15)
      at Function._fromFile (src/configuration/definition.ts:115:17)
      at Function.lendingPackageSample (src/configuration/definition.ts:71:17)
      at Function.lendingPackageSample (src/configuration/configuration.ts:64:43)
      at Object.<anonymous> (test/bda-processor/metrics-and-monitoring.test.ts:45:53)

    console.warn
      Configuration warnings: Schema missing "type" field, Schema has no "properties" field - schema will be empty, Schema missing "x-aws-idp-document-type" field - may not be recognized as a document type

      151 |     // Log warnings if any
      152 |     if (validationResult.warnings.length > 0) {
    > 153 |       console.warn(
          |               ^
      154 |         `Configuration warnings: ${validationResult.warnings.join(", ")}`,
      155 |       );
      156 |     }

      at new ConfigurationDefinition (../genai-idp/src/configuration-definition.ts:153:15)
      at Function._fromFile (src/configuration/definition.ts:115:17)
      at Function.lendingPackageSample (src/configuration/definition.ts:71:17)
      at Function.lendingPackageSample (src/configuration/configuration.ts:64:43)
      at Object.<anonymous> (test/bda-processor/metrics-and-monitoring.test.ts:45:53)

    console.warn
      Configuration warnings: Schema missing "type" field, Schema has no "properties" field - schema will be empty, Schema missing "x-aws-idp-document-type" field - may not be recognized as a document type

      151 |     // Log warnings if any
      152 |     if (validationResult.warnings.length > 0) {
    > 153 |       console.warn(
          |               ^
      154 |         `Configuration warnings: ${validationResult.warnings.join(", ")}`,
      155 |       );
      156 |     }

      at new ConfigurationDefinition (../genai-idp/src/configuration-definition.ts:153:15)
      at Function._fromFile (src/configuration/definition.ts:115:17)
      at Function.lendingPackageSample (src/configuration/definition.ts:71:17)
      at Function.lendingPackageSample (src/configuration/configuration.ts:64:43)
      at Object.<anonymous> (test/bda-processor/metrics-and-monitoring.test.ts:45:53)

    console.warn
      Configuration warnings: Schema missing "type" field, Schema has no "properties" field - schema will be empty, Schema missing "x-aws-idp-document-type" field - may not be recognized as a document type

      151 |     // Log warnings if any
      152 |     if (validationResult.warnings.length > 0) {
    > 153 |       console.warn(
          |               ^
      154 |         `Configuration warnings: ${validationResult.warnings.join(", ")}`,
      155 |       );
      156 |     }

      at new ConfigurationDefinition (../genai-idp/src/configuration-definition.ts:153:15)
      at Function._fromFile (src/configuration/definition.ts:115:17)
      at Function.lendingPackageSample (src/configuration/definition.ts:71:17)
      at Function.lendingPackageSample (src/configuration/configuration.ts:64:43)
      at Object.<anonymous> (test/bda-processor/metrics-and-monitoring.test.ts:45:53)

    console.warn
      Configuration warnings: Schema missing "type" field, Schema has no "properties" field - schema will be empty, Schema missing "x-aws-idp-document-type" field - may not be recognized as a document type

      151 |     // Log warnings if any
      152 |     if (validationResult.warnings.length > 0) {
    > 153 |       console.warn(
          |               ^
      154 |         `Configuration warnings: ${validationResult.warnings.join(", ")}`,
      155 |       );
      156 |     }

      at new ConfigurationDefinition (../genai-idp/src/configuration-definition.ts:153:15)
      at Function._fromFile (src/configuration/definition.ts:115:17)
      at Function.lendingPackageSample (src/configuration/definition.ts:71:17)
      at Function.lendingPackageSample (src/configuration/configuration.ts:64:43)
      at Object.<anonymous> (test/bda-processor/metrics-and-monitoring.test.ts:45:53)

    console.warn
      Configuration warnings: Schema missing "type" field, Schema has no "properties" field - schema will be empty, Schema missing "x-aws-idp-document-type" field - may not be recognized as a document type

      151 |     // Log warnings if any
      152 |     if (validationResult.warnings.length > 0) {
    > 153 |       console.warn(
          |               ^
      154 |         `Configuration warnings: ${validationResult.warnings.join(", ")}`,
      155 |       );
      156 |     }

      at new ConfigurationDefinition (../genai-idp/src/configuration-definition.ts:153:15)
      at Function._fromFile (src/configuration/definition.ts:115:17)
      at Function.lendingPackageSample (src/configuration/definition.ts:71:17)
      at Function.lendingPackageSample (src/configuration/configuration.ts:64:43)
      at Object.<anonymous> (test/bda-processor/metrics-and-monitoring.test.ts:45:53)

    console.warn
      Configuration warnings: Schema missing "type" field, Schema has no "properties" field - schema will be empty, Schema missing "x-aws-idp-document-type" field - may not be recognized as a document type

      151 |     // Log warnings if any
      152 |     if (validationResult.warnings.length > 0) {
    > 153 |       console.warn(
          |               ^
      154 |         `Configuration warnings: ${validationResult.warnings.join(", ")}`,
      155 |       );
      156 |     }

      at new ConfigurationDefinition (../genai-idp/src/configuration-definition.ts:153:15)
      at Function._fromFile (src/configuration/definition.ts:115:17)
      at Function.lendingPackageSample (src/configuration/definition.ts:71:17)
      at Function.lendingPackageSample (src/configuration/configuration.ts:64:43)
      at Object.<anonymous> (test/bda-processor/metrics-and-monitoring.test.ts:45:53)

    console.warn
      Configuration warnings: Schema missing "type" field, Schema has no "properties" field - schema will be empty, Schema missing "x-aws-idp-document-type" field - may not be recognized as a document type

      151 |     // Log warnings if any
      152 |     if (validationResult.warnings.length > 0) {
    > 153 |       console.warn(
          |               ^
      154 |         `Configuration warnings: ${validationResult.warnings.join(", ")}`,
      155 |       );
      156 |     }

      at new ConfigurationDefinition (../genai-idp/src/configuration-definition.ts:153:15)
      at Function._fromFile (src/configuration/definition.ts:115:17)
      at Function.lendingPackageSample (src/configuration/definition.ts:71:17)
      at Function.lendingPackageSample (src/configuration/configuration.ts:64:43)
      at Object.<anonymous> (test/bda-processor/metrics-and-monitoring.test.ts:45:53)

    console.warn
      Configuration warnings: Schema missing "type" field, Schema has no "properties" field - schema will be empty, Schema missing "x-aws-idp-document-type" field - may not be recognized as a document type

      151 |     // Log warnings if any
      152 |     if (validationResult.warnings.length > 0) {
    > 153 |       console.warn(
          |               ^
      154 |         `Configuration warnings: ${validationResult.warnings.join(", ")}`,
      155 |       );
      156 |     }

      at new ConfigurationDefinition (../genai-idp/src/configuration-definition.ts:153:15)
      at Function._fromFile (src/configuration/definition.ts:115:17)
      at Function.lendingPackageSample (src/configuration/definition.ts:71:17)
      at Function.lendingPackageSample (src/configuration/configuration.ts:64:43)
      at Object.<anonymous> (test/bda-processor/metrics-and-monitoring.test.ts:45:53)

    console.warn
      Configuration warnings: Schema missing "type" field, Schema has no "properties" field - schema will be empty, Schema missing "x-aws-idp-document-type" field - may not be recognized as a document type

      151 |     // Log warnings if any
      152 |     if (validationResult.warnings.length > 0) {
    > 153 |       console.warn(
          |               ^
      154 |         `Configuration warnings: ${validationResult.warnings.join(", ")}`,
      155 |       );
      156 |     }

      at new ConfigurationDefinition (../genai-idp/src/configuration-definition.ts:153:15)
      at Function._fromFile (src/configuration/definition.ts:115:17)
      at Function.lendingPackageSample (src/configuration/definition.ts:71:17)
      at Function.lendingPackageSample (src/configuration/configuration.ts:64:43)
      at Object.<anonymous> (test/bda-processor/metrics-and-monitoring.test.ts:45:53)

    console.warn
      Configuration warnings: Schema missing "type" field, Schema has no "properties" field - schema will be empty, Schema missing "x-aws-idp-document-type" field - may not be recognized as a document type

      151 |     // Log warnings if any
      152 |     if (validationResult.warnings.length > 0) {
    > 153 |       console.warn(
          |               ^
      154 |         `Configuration warnings: ${validationResult.warnings.join(", ")}`,
      155 |       );
      156 |     }

      at new ConfigurationDefinition (../genai-idp/src/configuration-definition.ts:153:15)
      at Function._fromFile (src/configuration/definition.ts:115:17)
      at Function.lendingPackageSample (src/configuration/definition.ts:71:17)
      at Function.lendingPackageSample (src/configuration/configuration.ts:64:43)
      at Object.<anonymous> (test/bda-processor/metrics-and-monitoring.test.ts:45:53)

    console.warn
      Configuration warnings: Schema missing "type" field, Schema has no "properties" field - schema will be empty, Schema missing "x-aws-idp-document-type" field - may not be recognized as a document type

      151 |     // Log warnings if any
      152 |     if (validationResult.warnings.length > 0) {
    > 153 |       console.warn(
          |               ^
      154 |         `Configuration warnings: ${validationResult.warnings.join(", ")}`,
      155 |       );
      156 |     }

      at new ConfigurationDefinition (../genai-idp/src/configuration-definition.ts:153:15)
      at Function._fromFile (src/configuration/definition.ts:115:17)
      at Function.lendingPackageSample (src/configuration/definition.ts:71:17)
      at Function.lendingPackageSample (src/configuration/configuration.ts:64:43)
      at Object.<anonymous> (test/bda-processor/metrics-and-monitoring.test.ts:45:53)

    console.warn
      Configuration warnings: Schema missing "type" field, Schema has no "properties" field - schema will be empty, Schema missing "x-aws-idp-document-type" field - may not be recognized as a document type

      151 |     // Log warnings if any
      152 |     if (validationResult.warnings.length > 0) {
    > 153 |       console.warn(
          |               ^
      154 |         `Configuration warnings: ${validationResult.warnings.join(", ")}`,
      155 |       );
      156 |     }

      at new ConfigurationDefinition (../genai-idp/src/configuration-definition.ts:153:15)
      at Function._fromFile (src/configuration/definition.ts:115:17)
      at Function.lendingPackageSample (src/configuration/definition.ts:71:17)
      at Function.lendingPackageSample (src/configuration/configuration.ts:64:43)
      at Object.<anonymous> (test/bda-processor/metrics-and-monitoring.test.ts:45:53)

    console.warn
      Configuration warnings: Schema missing "type" field, Schema has no "properties" field - schema will be empty, Schema missing "x-aws-idp-document-type" field - may not be recognized as a document type

      151 |     // Log warnings if any
      152 |     if (validationResult.warnings.length > 0) {
    > 153 |       console.warn(
          |               ^
      154 |         `Configuration warnings: ${validationResult.warnings.join(", ")}`,
      155 |       );
      156 |     }

      at new ConfigurationDefinition (../genai-idp/src/configuration-definition.ts:153:15)
      at Function._fromFile (src/configuration/definition.ts:115:17)
      at Function.lendingPackageSample (src/configuration/definition.ts:71:17)
      at Function.lendingPackageSample (src/configuration/configuration.ts:64:43)
      at Object.<anonymous> (test/bda-processor/metrics-and-monitoring.test.ts:45:53)

    console.warn
      Configuration warnings: Schema missing "type" field, Schema has no "properties" field - schema will be empty, Schema missing "x-aws-idp-document-type" field - may not be recognized as a document type

      151 |     // Log warnings if any
      152 |     if (validationResult.warnings.length > 0) {
    > 153 |       console.warn(
          |               ^
      154 |         `Configuration warnings: ${validationResult.warnings.join(", ")}`,
      155 |       );
      156 |     }

      at new ConfigurationDefinition (../genai-idp/src/configuration-definition.ts:153:15)
      at Function._fromFile (src/configuration/definition.ts:115:17)
      at Function.lendingPackageSample (src/configuration/definition.ts:71:17)
      at Function.lendingPackageSample (src/configuration/configuration.ts:64:43)
      at Object.<anonymous> (test/bda-processor/metrics-and-monitoring.test.ts:45:53)

    console.warn
      Configuration warnings: Schema missing "type" field, Schema has no "properties" field - schema will be empty, Schema missing "x-aws-idp-document-type" field - may not be recognized as a document type

      151 |     // Log warnings if any
      152 |     if (validationResult.warnings.length > 0) {
    > 153 |       console.warn(
          |               ^
      154 |         `Configuration warnings: ${validationResult.warnings.join(", ")}`,
      155 |       );
      156 |     }

      at new ConfigurationDefinition (../genai-idp/src/configuration-definition.ts:153:15)
      at Function._fromFile (src/configuration/definition.ts:115:17)
      at Function.lendingPackageSample (src/configuration/definition.ts:71:17)
      at Function.lendingPackageSample (src/configuration/configuration.ts:64:43)
      at Object.<anonymous> (test/bda-processor/metrics-and-monitoring.test.ts:45:53)

    console.warn
      Configuration warnings: Schema missing "type" field, Schema has no "properties" field - schema will be empty, Schema missing "x-aws-idp-document-type" field - may not be recognized as a document type

      151 |     // Log warnings if any
      152 |     if (validationResult.warnings.length > 0) {
    > 153 |       console.warn(
          |               ^
      154 |         `Configuration warnings: ${validationResult.warnings.join(", ")}`,
      155 |       );
      156 |     }

      at new ConfigurationDefinition (../genai-idp/src/configuration-definition.ts:153:15)
      at Function._fromFile (src/configuration/definition.ts:115:17)
      at Function.lendingPackageSample (src/configuration/definition.ts:71:17)
      at Function.lendingPackageSample (src/configuration/configuration.ts:64:43)
      at Object.<anonymous> (test/bda-processor/metrics-and-monitoring.test.ts:45:53)

    console.warn
      Configuration warnings: Schema missing "type" field, Schema has no "properties" field - schema will be empty, Schema missing "x-aws-idp-document-type" field - may not be recognized as a document type

      151 |     // Log warnings if any
      152 |     if (validationResult.warnings.length > 0) {
    > 153 |       console.warn(
          |               ^
      154 |         `Configuration warnings: ${validationResult.warnings.join(", ")}`,
      155 |       );
      156 |     }

      at new ConfigurationDefinition (../genai-idp/src/configuration-definition.ts:153:15)
      at Function._fromFile (src/configuration/definition.ts:115:17)
      at Function.lendingPackageSample (src/configuration/definition.ts:71:17)
      at Function.lendingPackageSample (src/configuration/configuration.ts:64:43)
      at Object.<anonymous> (test/bda-processor/metrics-and-monitoring.test.ts:45:53)

    console.warn
      Configuration warnings: Schema missing "type" field, Schema has no "properties" field - schema will be empty, Schema missing "x-aws-idp-document-type" field - may not be recognized as a document type

      151 |     // Log warnings if any
      152 |     if (validationResult.warnings.length > 0) {
    > 153 |       console.warn(
          |               ^
      154 |         `Configuration warnings: ${validationResult.warnings.join(", ")}`,
      155 |       );
      156 |     }

      at new ConfigurationDefinition (../genai-idp/src/configuration-definition.ts:153:15)
      at Function._fromFile (src/configuration/definition.ts:115:17)
      at Function.lendingPackageSample (src/configuration/definition.ts:71:17)
      at Function.lendingPackageSample (src/configuration/configuration.ts:64:43)
      at Object.<anonymous> (test/bda-processor/metrics-and-monitoring.test.ts:45:53)

    console.warn
      Configuration warnings: Schema missing "type" field, Schema has no "properties" field - schema will be empty, Schema missing "x-aws-idp-document-type" field - may not be recognized as a document type

      151 |     // Log warnings if any
      152 |     if (validationResult.warnings.length > 0) {
    > 153 |       console.warn(
          |               ^
      154 |         `Configuration warnings: ${validationResult.warnings.join(", ")}`,
      155 |       );
      156 |     }

      at new ConfigurationDefinition (../genai-idp/src/configuration-definition.ts:153:15)
      at Function._fromFile (src/configuration/definition.ts:115:17)
      at Function.lendingPackageSample (src/configuration/definition.ts:71:17)
      at Function.lendingPackageSample (src/configuration/configuration.ts:64:43)
      at Object.<anonymous> (test/bda-processor/metrics-and-monitoring.test.ts:45:53)

    console.warn
      Configuration warnings: Schema missing "type" field, Schema has no "properties" field - schema will be empty, Schema missing "x-aws-idp-document-type" field - may not be recognized as a document type

      151 |     // Log warnings if any
      152 |     if (validationResult.warnings.length > 0) {
    > 153 |       console.warn(
          |               ^
      154 |         `Configuration warnings: ${validationResult.warnings.join(", ")}`,
      155 |       );
      156 |     }

      at new ConfigurationDefinition (../genai-idp/src/configuration-definition.ts:153:15)
      at Function._fromFile (src/configuration/definition.ts:115:17)
      at Function.lendingPackageSample (src/configuration/definition.ts:71:17)
      at Function.lendingPackageSample (src/configuration/configuration.ts:64:43)
      at Object.<anonymous> (test/bda-processor/metrics-and-monitoring.test.ts:45:53)

    console.warn
      Configuration warnings: Schema missing "type" field, Schema has no "properties" field - schema will be empty, Schema missing "x-aws-idp-document-type" field - may not be recognized as a document type

      151 |     // Log warnings if any
      152 |     if (validationResult.warnings.length > 0) {
    > 153 |       console.warn(
          |               ^
      154 |         `Configuration warnings: ${validationResult.warnings.join(", ")}`,
      155 |       );
      156 |     }

      at new ConfigurationDefinition (../genai-idp/src/configuration-definition.ts:153:15)
      at Function._fromFile (src/configuration/definition.ts:115:17)
      at Function.lendingPackageSample (src/configuration/definition.ts:71:17)
      at Function.lendingPackageSample (src/configuration/configuration.ts:64:43)
      at Object.<anonymous> (test/bda-processor/metrics-and-monitoring.test.ts:45:53)

    console.warn
      Configuration warnings: Schema missing "type" field, Schema has no "properties" field - schema will be empty, Schema missing "x-aws-idp-document-type" field - may not be recognized as a document type

      151 |     // Log warnings if any
      152 |     if (validationResult.warnings.length > 0) {
    > 153 |       console.warn(
          |               ^
      154 |         `Configuration warnings: ${validationResult.warnings.join(", ")}`,
      155 |       );
      156 |     }

      at new ConfigurationDefinition (../genai-idp/src/configuration-definition.ts:153:15)
      at Function._fromFile (src/configuration/definition.ts:115:17)
      at Function.lendingPackageSample (src/configuration/definition.ts:71:17)
      at Function.lendingPackageSample (src/configuration/configuration.ts:64:43)
      at Object.<anonymous> (test/bda-processor/metrics-and-monitoring.test.ts:45:53)

    console.warn
      Configuration warnings: Schema missing "type" field, Schema has no "properties" field - schema will be empty, Schema missing "x-aws-idp-document-type" field - may not be recognized as a document type

      151 |     // Log warnings if any
      152 |     if (validationResult.warnings.length > 0) {
    > 153 |       console.warn(
          |               ^
      154 |         `Configuration warnings: ${validationResult.warnings.join(", ")}`,
      155 |       );
      156 |     }

      at new ConfigurationDefinition (../genai-idp/src/configuration-definition.ts:153:15)
      at Function._fromFile (src/configuration/definition.ts:115:17)
      at Function.lendingPackageSample (src/configuration/definition.ts:71:17)
      at Function.lendingPackageSample (src/configuration/configuration.ts:64:43)
      at Object.<anonymous> (test/bda-processor/metrics-and-monitoring.test.ts:45:53)

    console.warn
      Configuration warnings: Schema missing "type" field, Schema has no "properties" field - schema will be empty, Schema missing "x-aws-idp-document-type" field - may not be recognized as a document type

      151 |     // Log warnings if any
      152 |     if (validationResult.warnings.length > 0) {
    > 153 |       console.warn(
          |               ^
      154 |         `Configuration warnings: ${validationResult.warnings.join(", ")}`,
      155 |       );
      156 |     }

      at new ConfigurationDefinition (../genai-idp/src/configuration-definition.ts:153:15)
      at Function._fromFile (src/configuration/definition.ts:115:17)
      at Function.lendingPackageSample (src/configuration/definition.ts:71:17)
      at Function.lendingPackageSample (src/configuration/configuration.ts:64:43)
      at Object.<anonymous> (test/bda-processor/metrics-and-monitoring.test.ts:45:53)

    console.warn
      Configuration warnings: Schema missing "type" field, Schema has no "properties" field - schema will be empty, Schema missing "x-aws-idp-document-type" field - may not be recognized as a document type

      151 |     // Log warnings if any
      152 |     if (validationResult.warnings.length > 0) {
    > 153 |       console.warn(
          |               ^
      154 |         `Configuration warnings: ${validationResult.warnings.join(", ")}`,
      155 |       );
      156 |     }

      at new ConfigurationDefinition (../genai-idp/src/configuration-definition.ts:153:15)
      at Function._fromFile (src/configuration/definition.ts:115:17)
      at Function.lendingPackageSample (src/configuration/definition.ts:71:17)
      at Function.lendingPackageSample (src/configuration/configuration.ts:64:43)
      at Object.<anonymous> (test/bda-processor/metrics-and-monitoring.test.ts:45:53)

------------------------------|---------|----------|---------|---------|-----------------------------------------------
File                          | % Stmts | % Branch | % Funcs | % Lines | Uncovered Line #s                             
------------------------------|---------|----------|---------|---------|-----------------------------------------------
All files                     |      97 |    70.17 |   81.81 |      97 |                                               
 src                          |   99.71 |     91.3 |     100 |   99.71 |                                               
  bda-metadata-table.ts       |     100 |      100 |     100 |     100 |                                               
  data-automation-project.ts  |     100 |      100 |     100 |     100 |                                               
  index.ts                    |     100 |      100 |     100 |     100 |                                               
  processor.ts                |   99.67 |     90.9 |     100 |   99.67 | 234-235                                       
 src/configuration            |   87.86 |      100 |   58.82 |   87.86 |                                               
  configuration.ts            |   89.88 |      100 |      75 |   89.88 | 44-52                                         
  definition.ts               |   81.03 |      100 |      40 |   81.03 | 94-98,121-131,137-147,161-162,165-166,169-170 
  index.ts                    |     100 |      100 |     100 |     100 |                                               
  schema.ts                   |     100 |      100 |     100 |     100 |                                               
 src/internal                 |     100 |    31.81 |     100 |     100 |                                               
  bda-completion-function.ts  |     100 |    33.33 |     100 |     100 | 129-137                                       
  bda-invoke-function.ts      |     100 |    33.33 |     100 |     100 | 135-141                                       
  process-results-function.ts |     100 |    16.66 |     100 |     100 | 165-186                                       
  summarization-function.ts   |     100 |       40 |     100 |     100 | 168-184,188                                   
 test                         |   81.13 |      100 |   66.66 |   81.13 |                                               
  test-helpers.ts             |   81.13 |      100 |   66.66 |   81.13 | 44-53                                         
------------------------------|---------|----------|---------|---------|-----------------------------------------------

Test Suites: 1 failed, 6 passed, 7 total
Tests:       1 failed, 106 passed, 107 total
Snapshots:   1 passed, 1 total
Time:        34.789 s
Ran all test suites.
👾 Task "test" failed when executing "jest --passWithNoTests --updateSnapshot" (cwd: /Users/rpawlasz/Repos/GH/cdklabs/genai-idp/packages/@cdklabs/genai-idp-bda-processor)
error Command failed with exit code 1.
info Visit https://yarnpkg.com/en/docs/cli/run for documentation about this command.
error Command failed.
Exit code: 1
Command: /Users/rpawlasz/.nvm/versions/node/v22.14.0/bin/node
Arguments: /Users/rpawlasz/.cache/node/corepack/v1/yarn/1.22.22/lib/cli.js test
Directory: /Users/rpawlasz/Repos/GH/cdklabs/genai-idp/packages/@cdklabs/genai-idp-bda-processor
Output:

info Visit https://yarnpkg.com/en/docs/cli/workspace for documentation about this command.
